nohup: ignoring input
[NbConvertApp] Converting notebook SBM.ipynb to script
[NbConvertApp] WARNING | Kernelspec name conda-env-jovyan-p312-py cannot be found!
[NbConvertApp] ERROR | No such kernel named conda-env-jovyan-p312-py
Traceback (most recent call last):
  File "/home/jovyan/envs/p312/lib/python3.12/site-packages/jupyter_client/manager.py", line 87, in wrapper
    out = await method(self, *args, **kwargs)
          ^^^^^^^^^^^^^^^^^^^^^^^^^^^^^^^^^^^
  File "/home/jovyan/envs/p312/lib/python3.12/site-packages/jupyter_client/manager.py", line 435, in _async_start_kernel
    kernel_cmd, kw = await self._async_pre_start_kernel(**kw)
                     ^^^^^^^^^^^^^^^^^^^^^^^^^^^^^^^^^^^^^^^^
  File "/home/jovyan/envs/p312/lib/python3.12/site-packages/jupyter_client/manager.py", line 397, in _async_pre_start_kernel
    self.kernel_spec,
    ^^^^^^^^^^^^^^^^
  File "/home/jovyan/envs/p312/lib/python3.12/site-packages/jupyter_client/manager.py", line 195, in kernel_spec
    self._kernel_spec = self.kernel_spec_manager.get_kernel_spec(self.kernel_name)
                        ^^^^^^^^^^^^^^^^^^^^^^^^^^^^^^^^^^^^^^^^^^^^^^^^^^^^^^^^^^
  File "/home/jovyan/envs/p312/lib/python3.12/site-packages/jupyter_client/kernelspec.py", line 285, in get_kernel_spec
    raise NoSuchKernel(kernel_name)
jupyter_client.kernelspec.NoSuchKernel: No such kernel named conda-env-jovyan-p312-py
Traceback (most recent call last):
  File "/home/jovyan/envs/p312/bin/jupyter-nbconvert", line 8, in <module>
    sys.exit(main())
             ^^^^^^
  File "/home/jovyan/envs/p312/lib/python3.12/site-packages/jupyter_core/application.py", line 283, in launch_instance
    super().launch_instance(argv=argv, **kwargs)
  File "/home/jovyan/envs/p312/lib/python3.12/site-packages/traitlets/config/application.py", line 1075, in launch_instance
    app.start()
  File "/home/jovyan/envs/p312/lib/python3.12/site-packages/nbconvert/nbconvertapp.py", line 420, in start
    self.convert_notebooks()
  File "/home/jovyan/envs/p312/lib/python3.12/site-packages/nbconvert/nbconvertapp.py", line 597, in convert_notebooks
    self.convert_single_notebook(notebook_filename)
  File "/home/jovyan/envs/p312/lib/python3.12/site-packages/nbconvert/nbconvertapp.py", line 563, in convert_single_notebook
    output, resources = self.export_single_notebook(
                        ^^^^^^^^^^^^^^^^^^^^^^^^^^^^
  File "/home/jovyan/envs/p312/lib/python3.12/site-packages/nbconvert/nbconvertapp.py", line 487, in export_single_notebook
    output, resources = self.exporter.from_filename(
                        ^^^^^^^^^^^^^^^^^^^^^^^^^^^^
  File "/home/jovyan/envs/p312/lib/python3.12/site-packages/nbconvert/exporters/templateexporter.py", line 390, in from_filename
    return super().from_filename(filename, resources, **kw)  # type:ignore[return-value]
           ^^^^^^^^^^^^^^^^^^^^^^^^^^^^^^^^^^^^^^^^^^^^^^^^
  File "/home/jovyan/envs/p312/lib/python3.12/site-packages/nbconvert/exporters/exporter.py", line 201, in from_filename
    return self.from_file(f, resources=resources, **kw)
           ^^^^^^^^^^^^^^^^^^^^^^^^^^^^^^^^^^^^^^^^^^^^
  File "/home/jovyan/envs/p312/lib/python3.12/site-packages/nbconvert/exporters/templateexporter.py", line 396, in from_file
    return super().from_file(file_stream, resources, **kw)  # type:ignore[return-value]
           ^^^^^^^^^^^^^^^^^^^^^^^^^^^^^^^^^^^^^^^^^^^^^^^
  File "/home/jovyan/envs/p312/lib/python3.12/site-packages/nbconvert/exporters/exporter.py", line 220, in from_file
    return self.from_notebook_node(
           ^^^^^^^^^^^^^^^^^^^^^^^^
  File "/home/jovyan/envs/p312/lib/python3.12/site-packages/nbconvert/exporters/script.py", line 63, in from_notebook_node
    return exporter.from_notebook_node(nb, resources, **kw)
           ^^^^^^^^^^^^^^^^^^^^^^^^^^^^^^^^^^^^^^^^^^^^^^^^
  File "/home/jovyan/envs/p312/lib/python3.12/site-packages/nbconvert/exporters/templateexporter.py", line 412, in from_notebook_node
    nb_copy, resources = super().from_notebook_node(nb, resources, **kw)
                         ^^^^^^^^^^^^^^^^^^^^^^^^^^^^^^^^^^^^^^^^^^^^^^^
  File "/home/jovyan/envs/p312/lib/python3.12/site-packages/nbconvert/exporters/exporter.py", line 154, in from_notebook_node
    nb_copy, resources = self._preprocess(nb_copy, resources)
                         ^^^^^^^^^^^^^^^^^^^^^^^^^^^^^^^^^^^^
  File "/home/jovyan/envs/p312/lib/python3.12/site-packages/nbconvert/exporters/exporter.py", line 353, in _preprocess
    nbc, resc = preprocessor(nbc, resc)
                ^^^^^^^^^^^^^^^^^^^^^^^
  File "/home/jovyan/envs/p312/lib/python3.12/site-packages/nbconvert/preprocessors/base.py", line 48, in __call__
    return self.preprocess(nb, resources)
           ^^^^^^^^^^^^^^^^^^^^^^^^^^^^^^
  File "/home/jovyan/envs/p312/lib/python3.12/site-packages/nbconvert/preprocessors/execute.py", line 97, in preprocess
    with self.setup_kernel():
         ^^^^^^^^^^^^^^^^^^^
  File "/home/jovyan/envs/p312/lib/python3.12/contextlib.py", line 137, in __enter__
    return next(self.gen)
           ^^^^^^^^^^^^^^
  File "/home/jovyan/envs/p312/lib/python3.12/site-packages/nbclient/client.py", line 600, in setup_kernel
    self.start_new_kernel(**kwargs)
  File "/home/jovyan/envs/p312/lib/python3.12/site-packages/jupyter_core/utils/__init__.py", line 165, in wrapped
    return loop.run_until_complete(inner)
           ^^^^^^^^^^^^^^^^^^^^^^^^^^^^^^
  File "/home/jovyan/envs/p312/lib/python3.12/asyncio/base_events.py", line 691, in run_until_complete
    return future.result()
           ^^^^^^^^^^^^^^^
  File "/home/jovyan/envs/p312/lib/python3.12/site-packages/nbclient/client.py", line 550, in async_start_new_kernel
    await ensure_async(self.km.start_kernel(extra_arguments=self.extra_arguments, **kwargs))
  File "/home/jovyan/envs/p312/lib/python3.12/site-packages/jupyter_core/utils/__init__.py", line 198, in ensure_async
    result = await obj
             ^^^^^^^^^
  File "/home/jovyan/envs/p312/lib/python3.12/site-packages/jupyter_client/manager.py", line 96, in wrapper
    raise e
  File "/home/jovyan/envs/p312/lib/python3.12/site-packages/jupyter_client/manager.py", line 87, in wrapper
    out = await method(self, *args, **kwargs)
          ^^^^^^^^^^^^^^^^^^^^^^^^^^^^^^^^^^^
  File "/home/jovyan/envs/p312/lib/python3.12/site-packages/jupyter_client/manager.py", line 435, in _async_start_kernel
    kernel_cmd, kw = await self._async_pre_start_kernel(**kw)
                     ^^^^^^^^^^^^^^^^^^^^^^^^^^^^^^^^^^^^^^^^
  File "/home/jovyan/envs/p312/lib/python3.12/site-packages/jupyter_client/manager.py", line 397, in _async_pre_start_kernel
    self.kernel_spec,
    ^^^^^^^^^^^^^^^^
  File "/home/jovyan/envs/p312/lib/python3.12/site-packages/jupyter_client/manager.py", line 195, in kernel_spec
    self._kernel_spec = self.kernel_spec_manager.get_kernel_spec(self.kernel_name)
                        ^^^^^^^^^^^^^^^^^^^^^^^^^^^^^^^^^^^^^^^^^^^^^^^^^^^^^^^^^^
  File "/home/jovyan/envs/p312/lib/python3.12/site-packages/jupyter_client/kernelspec.py", line 285, in get_kernel_spec
    raise NoSuchKernel(kernel_name)
jupyter_client.kernelspec.NoSuchKernel: No such kernel named conda-env-jovyan-p312-py
